// Jest Snapshot v1, https://goo.gl/fbAQLP

exports[`components mesh example matches snapshot 1`] = `
<mesh
  onClick={[Function]}
  onPointerOut={[Function]}
  onPointerOver={[Function]}
  onUpdate={[Function]}
>
  <boxBufferGeometry
    args={
      Array [
        1,
        1,
        1,
      ]
    }
    attach="geometry"
  />
  <meshNormalMaterial
    attach="material"
  />
</mesh>
`;
